// Jest Snapshot v1, https://goo.gl/fbAQLP

exports[`matches snapshot 1`] = `
<DocumentFragment>
  <form
    class="box-form"
  >
    <label
      class="Box-label"
      for="width"
    >
      Width of Box
    </label>
    <input
      id="width"
      name="width"
      placeholder="Px Wide"
      type="text"
      value=""
    />
    <label
      class="Box-label"
      for="height"
    >
      Height of Box
    </label>
    <input
      id="height"
      name="height"
      placeholder="Px High"
      type="text"
      value=""
    />
    <label
      class="Box-label"
      for="backgroundColor"
    >
      Color of Box
    </label>
    <input
      id="backgroundColor"
      name="backgroundColor"
      placeholder="Background Color"
      type="text"
      value=""
    />
    <button>
      Add Box
    </button>
  </form>
</DocumentFragment>
`;
